BL51 BANKED LINKER/LOCATER V6.22                                                        05/22/2026  14:38:21  PAGE 1


BL51 BANKED LINKER/LOCATER V6.22, INVOKED BY:
D:\KEIL\C51\BIN\BL51.EXE .\Objects\main.obj TO .\Objects\cs RTX51 PRINT (.\Listings\cs.m51)


INPUT MODULES INCLUDED:
  .\Objects\main.obj (MAIN)


LINK MAP OF MODULE:  .\Objects\cs (MAIN)


            TYPE    BASE      LENGTH    RELOCATION   SEGMENT NAME
            -----------------------------------------------------

            * * * * * * *   D A T A   M E M O R Y   * * * * * * *
            REG     0000H     0008H     ABSOLUTE     "REG BANK 0"

            * * * * * * *   C O D E   M E M O R Y   * * * * * * *
            CODE    0000H     05DAH     ABSOLUTE     



SYMBOL TABLE OF MODULE:  .\Objects\cs (MAIN)

  VALUE           TYPE          NAME
  ----------------------------------

  -------         MODULE        MAIN
  D:00E0H         SYMBOL        ACC
  B:00B0H.2       SYMBOL        ADD_ONE
  B:00B0H.4       SYMBOL        ADD_SITE
  D:00F0H         SYMBOL        B
  C:0109H         SYMBOL        BCD_TO_DEC
  B:00A0H.3       SYMBOL        BUZZER
  C:0550H         SYMBOL        CHECK_FEB
  C:0022H         SYMBOL        CLEETE
  C:0319H         SYMBOL        CLEETE1
  D:0033H         SYMBOL        DAY
  B:00B0H.3       SYMBOL        DEC_ONE
  C:05AFH         SYMBOL        DELAY_1MS
  C:01F6H         SYMBOL        DELAY_S0
  C:023BH         SYMBOL        DELAY_S1
  C:027AH         SYMBOL        DELAY_S2
  C:029BH         SYMBOL        DELAY_S3
  C:02DAH         SYMBOL        DELAY_S4
  C:0497H         SYMBOL        DISPLAY
  D:0083H         SYMBOL        DPH
  D:0082H         SYMBOL        DPL
  C:00FDH         SYMBOL        DS1302_DISABLE_WRITE
  C:00F1H         SYMBOL        DS1302_ENABLE_WRITE
  C:011DH         SYMBOL        DS1302_READ
  C:0154H         SYMBOL        DS1302_READ_BYTE
  C:0131H         SYMBOL        DS1302_WRITE
  C:0144H         SYMBOL        DS1302_WRITE_BYTE
  B:00A8H.7       SYMBOL        EA
  B:00A8H.3       SYMBOL        ET1
  C:0322H         SYMBOL        FALL_INC_ONE
  C:032EH         SYMBOL        FALL_INC_ONE11
BL51 BANKED LINKER/LOCATER V6.22                                                      05/22/2026  14:38:21  PAGE 2


  C:0338H         SYMBOL        FALL_INC_ONE_END
  D:0052H         SYMBOL        FALL_TIME_H
  D:0051H         SYMBOL        FALL_TIME_L
  C:0563H         SYMBOL        GETW06
  C:00A3H         SYMBOL        GET_TIME
  D:0032H         SYMBOL        HOUR
  C:033DH         SYMBOL        INC_ONE
  C:034FH         SYMBOL        INC_ONE000
  C:0361H         SYMBOL        INC_ONE001
  C:0373H         SYMBOL        INC_ONE002
  C:03B7H         SYMBOL        INC_ONE003
  C:03C9H         SYMBOL        INC_ONE004
  C:0395H         SYMBOL        INC_ONE010
  C:03A8H         SYMBOL        INC_ONE011
  C:03B2H         SYMBOL        INC_ONE012
  C:0359H         SYMBOL        INC_ONE888
  C:03D5H         SYMBOL        INC_ONE_END
  C:0171H         SYMBOL        INTT1
  B:00A0H.7       SYMBOL        IO
  C:01F0H         SYMBOL        KEY1
  C:0219H         SYMBOL        KEY1_1
  C:0224H         SYMBOL        KEY1_2
  C:0235H         SYMBOL        KEY2
  C:0255H         SYMBOL        KEY2_1
  C:0259H         SYMBOL        KEY2_2
  C:0274H         SYMBOL        KEY3
  C:028DH         SYMBOL        KEY3_1
  C:0295H         SYMBOL        KEY4
  C:02B6H         SYMBOL        KEY4_1
  C:02C4H         SYMBOL        KEY4_2
  C:02D4H         SYMBOL        KEY5
  C:0321H         SYMBOL        KEY_END
  C:01D7H         SYMBOL        KEY_SCAN
  C:01FEH         SYMBOL        KEY_WAIT_RELEASE0
  C:0243H         SYMBOL        KEY_WAIT_RELEASE1
  C:0282H         SYMBOL        KEY_WAIT_RELEASE2
  C:02A3H         SYMBOL        KEY_WAIT_RELEASE3
  C:02E2H         SYMBOL        KEY_WAIT_RELEASE4
  C:04ACH         SYMBOL        LCD_CHECK_BUSY
  D:0080H         SYMBOL        LCD_DATA
  B:00A0H.5       SYMBOL        LCD_E
  C:04CAH         SYMBOL        LCD_INIT
  B:0090H.0       SYMBOL        LCD_RS
  B:0090H.1       SYMBOL        LCD_RW
  C:04B9H         SYMBOL        LCD_WRITE_CMD
  C:04E4H         SYMBOL        LCD_WRITE_DATA
  C:05B1H         SYMBOL        LOOP1
  C:05B3H         SYMBOL        LOOP2
  C:05B5H         SYMBOL        LOOP3
  C:008EH         SYMBOL        MAIN
  C:0097H         SYMBOL        MAIN1
  C:009AH         SYMBOL        MAIN2
  D:0031H         SYMBOL        MINUTE
  N:0003H         SYMBOL        MODE_NUMBER
  D:0034H         SYMBOL        MONTH
  C:0599H         SYMBOL        NEGATIVE
  C:05ABH         SYMBOL        NOT_SAT
BL51 BANKED LINKER/LOCATER V6.22                                                      05/22/2026  14:38:21  PAGE 3


  D:0080H         SYMBOL        P0
  D:0090H         SYMBOL        P1
  D:00A0H         SYMBOL        P2
  D:00B0H         SYMBOL        P3
  C:059EH         SYMBOL        POSITIVE
  D:00D0H         SYMBOL        PSW
  B:00B8H.3       SYMBOL        PT1
  C:015BH         SYMBOL        RB_LOOP
  C:04B0H         SYMBOL        READ_BUSY
  N:0087H         SYMBOL        READ_DAY
  N:0085H         SYMBOL        READ_HOUR
  N:0083H         SYMBOL        READ_MIN
  N:0089H         SYMBOL        READ_MONTH
  N:0081H         SYMBOL        READ_SEC
  N:008BH         SYMBOL        READ_WEEK
  N:008DH         SYMBOL        READ_YEAR
  C:0320H         SYMBOL        RETURN_SITE
  B:0090H.2       SYMBOL        RST
  B:0090H.7       SYMBOL        SCLK
  D:0030H         SYMBOL        SEC
  C:03D6H         SYMBOL        SHOW
  C:0446H         SYMBOL        SHOW2
  C:0485H         SYMBOL        SHOW3
  C:0461H         SYMBOL        SHOW4
  C:0496H         SYMBOL        SHOW_END
  C:05BCH         SYMBOL        SITE_DATA
  B:00B0H.5       SYMBOL        SITE_MODE
  B:00B0H.6       SYMBOL        SITE_MODE2
  C:05C5H         SYMBOL        SITE_WEEK
  D:0081H         SYMBOL        SP
  C:001EH         SYMBOL        START
  C:05ACH         SYMBOL        STORE_RESULT
  D:0057H         SYMBOL        TEMP_BYTE1
  D:0058H         SYMBOL        TEMP_BYTE2
  D:0059H         SYMBOL        TEMP_BYTE3
  D:005AH         SYMBOL        TEMP_BYTE4
  D:008CH         SYMBOL        TH0
  D:008DH         SYMBOL        TH1
  D:0021H         SYMBOL        TIMES
  B:00B0H.1       SYMBOL        TIME_ADJUST
  D:0038H         SYMBOL        TIME_ADJUST_FLAG
  D:0050H         SYMBOL        TIME_ADJUST_MODE
  D:0037H         SYMBOL        TIME_DELAY_FLAG
  B:0020H.1       SYMBOL        TIME_FALL_FLAG
  D:0054H         SYMBOL        TIME_H
  D:003AH         SYMBOL        TIME_H_1
  D:003CH         SYMBOL        TIME_H_2
  D:003EH         SYMBOL        TIME_H_3
  D:0053H         SYMBOL        TIME_L
  D:0039H         SYMBOL        TIME_L_1
  D:003BH         SYMBOL        TIME_L_2
  D:003DH         SYMBOL        TIME_L_3
  D:0056H         SYMBOL        TIME_WEEK
  D:005CH         SYMBOL        TIME_WEEK_1
  D:005DH         SYMBOL        TIME_WEEK_2
  D:005EH         SYMBOL        TIME_WEEK_3
  D:005FH         SYMBOL        TIME_WEEK_4
BL51 BANKED LINKER/LOCATER V6.22                                                      05/22/2026  14:38:21  PAGE 4


  D:0055H         SYMBOL        TIME_WEEK_5
  D:008AH         SYMBOL        TL0
  D:008BH         SYMBOL        TL1
  D:0089H         SYMBOL        TMOD
  B:0088H.4       SYMBOL        TR0
  B:0088H.6       SYMBOL        TR1
  D:005BH         SYMBOL        UPRIGHT_TIME_FLAG
  D:003FH         SYMBOL        UPRIGHT_TIME_NUMBER
  C:0148H         SYMBOL        WB_LOOP
  C:04F5H         SYMBOL        WEEK
  C:00C7H         SYMBOL        WRITE_ALL_TIME
  C:01DDH         SYMBOL        WUYU
  D:0036H         SYMBOL        YEARH
  D:0035H         SYMBOL        YEARL
  C:0549H         SYMBOL        YEARL_ZERO1
  C:055EH         SYMBOL        YEARL_ZERO2
  C:01C8H         SYMBOL        ZD11
  C:01A4H         SYMBOL        ZD22
  C:01AFH         SYMBOL        ZD33
  C:01B8H         SYMBOL        ZD44
  C:0000H         LINE#         64
  C:001BH         LINE#         73
  C:001EH         LINE#         79
  C:0020H         LINE#         80
  C:0022H         LINE#         82
  C:0024H         LINE#         83
  C:0025H         LINE#         84
  C:0027H         LINE#         85
  C:002AH         LINE#         86
  C:002DH         LINE#         87
  C:0030H         LINE#         88
  C:0032H         LINE#         90
  C:0035H         LINE#         91
  C:0038H         LINE#         92
  C:003BH         LINE#         93
  C:003EH         LINE#         94
  C:0041H         LINE#         97
  C:0043H         LINE#         98
  C:0045H         LINE#         99
  C:0047H         LINE#         100
  C:0049H         LINE#         102
  C:004BH         LINE#         104
  C:004DH         LINE#         105
  C:004FH         LINE#         106
  C:0051H         LINE#         107
  C:0054H         LINE#         108
  C:0057H         LINE#         109
  C:005AH         LINE#         110
  C:005DH         LINE#         111
  C:0060H         LINE#         112
  C:0063H         LINE#         113
  C:0066H         LINE#         114
  C:0069H         LINE#         115
  C:006BH         LINE#         116
  C:006DH         LINE#         117
  C:006FH         LINE#         118
  C:0071H         LINE#         119
BL51 BANKED LINKER/LOCATER V6.22                                                      05/22/2026  14:38:21  PAGE 5


  C:0074H         LINE#         120
  C:0077H         LINE#         121
  C:007AH         LINE#         122
  C:007CH         LINE#         123
  C:007FH         LINE#         124
  C:0081H         LINE#         125
  C:0083H         LINE#         126
  C:0085H         LINE#         127
  C:0087H         LINE#         128
  C:0088H         LINE#         129
  C:008BH         LINE#         130
  C:008EH         LINE#         132
  C:0090H         LINE#         133
  C:0093H         LINE#         134
  C:0095H         LINE#         135
  C:0097H         LINE#         137
  C:009AH         LINE#         139
  C:009CH         LINE#         140
  C:009EH         LINE#         141
  C:00A0H         LINE#         142
  C:00A3H         LINE#         145
  C:00A5H         LINE#         146
  C:00A8H         LINE#         147
  C:00AAH         LINE#         148
  C:00ACH         LINE#         149
  C:00AFH         LINE#         150
  C:00B1H         LINE#         151
  C:00B3H         LINE#         152
  C:00B6H         LINE#         153
  C:00B8H         LINE#         154
  C:00BAH         LINE#         155
  C:00BDH         LINE#         156
  C:00BFH         LINE#         157
  C:00C1H         LINE#         158
  C:00C4H         LINE#         159
  C:00C6H         LINE#         160
  C:00C7H         LINE#         162
  C:00CAH         LINE#         163
  C:00CCH         LINE#         164
  C:00CEH         LINE#         165
  C:00D1H         LINE#         166
  C:00D3H         LINE#         167
  C:00D5H         LINE#         168
  C:00D8H         LINE#         169
  C:00DAH         LINE#         170
  C:00DCH         LINE#         171
  C:00DFH         LINE#         172
  C:00E1H         LINE#         173
  C:00E3H         LINE#         174
  C:00E6H         LINE#         175
  C:00E8H         LINE#         176
  C:00EAH         LINE#         177
  C:00EDH         LINE#         178
  C:00F0H         LINE#         179
  C:00F1H         LINE#         181
  C:00F3H         LINE#         182
  C:00F5H         LINE#         183
BL51 BANKED LINKER/LOCATER V6.22                                                      05/22/2026  14:38:21  PAGE 6


  C:00F7H         LINE#         184
  C:00F9H         LINE#         185
  C:00FCH         LINE#         186
  C:00FDH         LINE#         188
  C:00FFH         LINE#         189
  C:0101H         LINE#         190
  C:0103H         LINE#         191
  C:0105H         LINE#         192
  C:0108H         LINE#         193
  C:0109H         LINE#         200
  C:010BH         LINE#         201
  C:010DH         LINE#         202
  C:010FH         LINE#         203
  C:0110H         LINE#         204
  C:0112H         LINE#         205
  C:0113H         LINE#         206
  C:0115H         LINE#         207
  C:0118H         LINE#         208
  C:0119H         LINE#         209
  C:011AH         LINE#         210
  C:011CH         LINE#         211
  C:011DH         LINE#         217
  C:011FH         LINE#         218
  C:0121H         LINE#         219
  C:0123H         LINE#         220
  C:0124H         LINE#         221
  C:0127H         LINE#         222
  C:0129H         LINE#         223
  C:012CH         LINE#         224
  C:012EH         LINE#         225
  C:0130H         LINE#         226
  C:0131H         LINE#         233
  C:0133H         LINE#         234
  C:0135H         LINE#         235
  C:0137H         LINE#         236
  C:0138H         LINE#         237
  C:013BH         LINE#         238
  C:013CH         LINE#         239
  C:013FH         LINE#         240
  C:0141H         LINE#         241
  C:0143H         LINE#         242
  C:0144H         LINE#         245
  C:0146H         LINE#         246
  C:0148H         LINE#         248
  C:014AH         LINE#         249
  C:014BH         LINE#         250
  C:014DH         LINE#         251
  C:014FH         LINE#         252
  C:0151H         LINE#         253
  C:0153H         LINE#         254
  C:0154H         LINE#         257
  C:0156H         LINE#         258
  C:0158H         LINE#         259
  C:015BH         LINE#         261
  C:015DH         LINE#         262
  C:015EH         LINE#         263
  C:015FH         LINE#         264
BL51 BANKED LINKER/LOCATER V6.22                                                      05/22/2026  14:38:21  PAGE 7


  C:0161H         LINE#         265
  C:0162H         LINE#         266
  C:0163H         LINE#         267
  C:0165H         LINE#         268
  C:0167H         LINE#         269
  C:0168H         LINE#         270
  C:016AH         LINE#         271
  C:016CH         LINE#         272
  C:016EH         LINE#         273
  C:0170H         LINE#         274
  C:0171H         LINE#         277
  C:0173H         LINE#         278
  C:0175H         LINE#         279
  C:0177H         LINE#         280
  C:0179H         LINE#         281
  C:017BH         LINE#         282
  C:017DH         LINE#         283
  C:017FH         LINE#         284
  C:0182H         LINE#         285
  C:0185H         LINE#         287
  C:0187H         LINE#         288
  C:018AH         LINE#         290
  C:018CH         LINE#         291
  C:018EH         LINE#         292
  C:0190H         LINE#         293
  C:0191H         LINE#         294
  C:0193H         LINE#         295
  C:0195H         LINE#         297
  C:0198H         LINE#         298
  C:019BH         LINE#         299
  C:019DH         LINE#         300
  C:019FH         LINE#         301
  C:01A0H         LINE#         302
  C:01A2H         LINE#         303
  C:01A4H         LINE#         306
  C:01A6H         LINE#         307
  C:01A8H         LINE#         308
  C:01A9H         LINE#         309
  C:01ABH         LINE#         310
  C:01ADH         LINE#         311
  C:01AFH         LINE#         313
  C:01B1H         LINE#         314
  C:01B3H         LINE#         315
  C:01B4H         LINE#         316
  C:01B6H         LINE#         317
  C:01B8H         LINE#         320
  C:01BAH         LINE#         321
  C:01BCH         LINE#         322
  C:01BFH         LINE#         323
  C:01C2H         LINE#         324
  C:01C4H         LINE#         325
  C:01C6H         LINE#         326
  C:01C8H         LINE#         328
  C:01CAH         LINE#         329
  C:01CCH         LINE#         330
  C:01CEH         LINE#         331
  C:01D0H         LINE#         332
BL51 BANKED LINKER/LOCATER V6.22                                                      05/22/2026  14:38:21  PAGE 8


  C:01D2H         LINE#         333
  C:01D4H         LINE#         334
  C:01D6H         LINE#         335
  C:01D7H         LINE#         338
  C:01D9H         LINE#         339
  C:01DBH         LINE#         340
  C:01DDH         LINE#         342
  C:01E0H         LINE#         344
  C:01E2H         LINE#         345
  C:01E5H         LINE#         346
  C:01E6H         LINE#         347
  C:01E7H         LINE#         348
  C:01E9H         LINE#         349
  C:01EBH         LINE#         350
  C:01EEH         LINE#         351
  C:01F0H         LINE#         355
  C:01F2H         LINE#         356
  C:01F4H         LINE#         357
  C:01F6H         LINE#         359
  C:01F8H         LINE#         360
  C:01FAH         LINE#         361
  C:01FCH         LINE#         362
  C:01FEH         LINE#         365
  C:0200H         LINE#         366
  C:0202H         LINE#         368
  C:0204H         LINE#         369
  C:0207H         LINE#         370
  C:020AH         LINE#         372
  C:020CH         LINE#         373
  C:020FH         LINE#         374
  C:0211H         LINE#         375
  C:0212H         LINE#         376
  C:0215H         LINE#         377
  C:0217H         LINE#         378
  C:0219H         LINE#         381
  C:021CH         LINE#         382
  C:021FH         LINE#         383
  C:0222H         LINE#         385
  C:0224H         LINE#         388
  C:0227H         LINE#         389
  C:0228H         LINE#         391
  C:022AH         LINE#         392
  C:022DH         LINE#         393
  C:022FH         LINE#         394
  C:0230H         LINE#         395
  C:0233H         LINE#         396
  C:0235H         LINE#         399
  C:0237H         LINE#         400
  C:0239H         LINE#         401
  C:023BH         LINE#         403
  C:023DH         LINE#         404
  C:023FH         LINE#         405
  C:0241H         LINE#         406
  C:0243H         LINE#         408
  C:0245H         LINE#         409
  C:0247H         LINE#         411
  C:0249H         LINE#         412
BL51 BANKED LINKER/LOCATER V6.22                                                      05/22/2026  14:38:21  PAGE 9


  C:024CH         LINE#         413
  C:024EH         LINE#         414
  C:0251H         LINE#         415
  C:0253H         LINE#         416
  C:0255H         LINE#         418
  C:0257H         LINE#         419
  C:0259H         LINE#         421
  C:025CH         LINE#         422
  C:025EH         LINE#         423
  C:025FH         LINE#         424
  C:0262H         LINE#         425
  C:0264H         LINE#         426
  C:0266H         LINE#         427
  C:0268H         LINE#         428
  C:0269H         LINE#         429
  C:026BH         LINE#         430
  C:026CH         LINE#         431
  C:026DH         LINE#         432
  C:026FH         LINE#         433
  C:0270H         LINE#         434
  C:0272H         LINE#         435
  C:0274H         LINE#         438
  C:0276H         LINE#         439
  C:0278H         LINE#         440
  C:027AH         LINE#         442
  C:027CH         LINE#         443
  C:027EH         LINE#         444
  C:0280H         LINE#         445
  C:0282H         LINE#         447
  C:0284H         LINE#         448
  C:0286H         LINE#         449
  C:0289H         LINE#         450
  C:028BH         LINE#         451
  C:028DH         LINE#         453
  C:028FH         LINE#         454
  C:0291H         LINE#         455
  C:0293H         LINE#         456
  C:0295H         LINE#         459
  C:0297H         LINE#         460
  C:0299H         LINE#         461
  C:029BH         LINE#         463
  C:029DH         LINE#         464
  C:029FH         LINE#         465
  C:02A1H         LINE#         466
  C:02A3H         LINE#         468
  C:02A5H         LINE#         469
  C:02A7H         LINE#         471
  C:02A9H         LINE#         472
  C:02ACH         LINE#         474
  C:02ADH         LINE#         475
  C:02AEH         LINE#         476
  C:02B1H         LINE#         477
  C:02B4H         LINE#         478
  C:02B6H         LINE#         481
  C:02B9H         LINE#         482
  C:02BAH         LINE#         483
  C:02BBH         LINE#         484
BL51 BANKED LINKER/LOCATER V6.22                                                      05/22/2026  14:38:21  PAGE 10


  C:02BEH         LINE#         485
  C:02C1H         LINE#         486
  C:02C2H         LINE#         487
  C:02C4H         LINE#         490
  C:02C7H         LINE#         491
  C:02C9H         LINE#         492
  C:02CBH         LINE#         493
  C:02CEH         LINE#         494
  C:02D0H         LINE#         495
  C:02D1H         LINE#         496
  C:02D4H         LINE#         500
  C:02D6H         LINE#         501
  C:02D8H         LINE#         502
  C:02DAH         LINE#         504
  C:02DCH         LINE#         505
  C:02DEH         LINE#         506
  C:02E0H         LINE#         507
  C:02E2H         LINE#         509
  C:02E4H         LINE#         510
  C:02E6H         LINE#         512
  C:02E9H         LINE#         513
  C:02EBH         LINE#         514
  C:02EEH         LINE#         515
  C:02F0H         LINE#         516
  C:02F3H         LINE#         517
  C:02F6H         LINE#         518
  C:02F8H         LINE#         519
  C:02FAH         LINE#         520
  C:02FCH         LINE#         521
  C:02FFH         LINE#         522
  C:0302H         LINE#         523
  C:0304H         LINE#         524
  C:0306H         LINE#         525
  C:0309H         LINE#         526
  C:030BH         LINE#         527
  C:030CH         LINE#         528
  C:030FH         LINE#         530
  C:0312H         LINE#         531
  C:0315H         LINE#         533
  C:0317H         LINE#         534
  C:0319H         LINE#         536
  C:031BH         LINE#         537
  C:031CH         LINE#         538
  C:031EH         LINE#         539
  C:0320H         LINE#         542
  C:0321H         LINE#         545
  C:0322H         LINE#         547
  C:0323H         LINE#         548
  C:0324H         LINE#         549
  C:0327H         LINE#         550
  C:0329H         LINE#         551
  C:032BH         LINE#         552
  C:032CH         LINE#         553
  C:032EH         LINE#         556
  C:0331H         LINE#         557
  C:0333H         LINE#         558
  C:0335H         LINE#         559
BL51 BANKED LINKER/LOCATER V6.22                                                      05/22/2026  14:38:21  PAGE 11


  C:0336H         LINE#         560
  C:0338H         LINE#         562
  C:033AH         LINE#         563
  C:033CH         LINE#         564
  C:033DH         LINE#         566
  C:033EH         LINE#         567
  C:033FH         LINE#         568
  C:0342H         LINE#         569
  C:0344H         LINE#         570
  C:0346H         LINE#         571
  C:0347H         LINE#         572
  C:0349H         LINE#         573
  C:034CH         LINE#         574
  C:034FH         LINE#         576
  C:0352H         LINE#         577
  C:0354H         LINE#         578
  C:0356H         LINE#         579
  C:0357H         LINE#         580
  C:0359H         LINE#         582
  C:035CH         LINE#         583
  C:035FH         LINE#         584
  C:0361H         LINE#         586
  C:0364H         LINE#         587
  C:0366H         LINE#         588
  C:0368H         LINE#         589
  C:0369H         LINE#         590
  C:036BH         LINE#         591
  C:036EH         LINE#         592
  C:0371H         LINE#         593
  C:0373H         LINE#         595
  C:0376H         LINE#         596
  C:0378H         LINE#         597
  C:037AH         LINE#         598
  C:037BH         LINE#         599
  C:037DH         LINE#         601
  C:037FH         LINE#         602
  C:0380H         LINE#         603
  C:0381H         LINE#         604
  C:0395H         LINE#         613
  C:0396H         LINE#         614
  C:0398H         LINE#         615
  C:039AH         LINE#         616
  C:039CH         LINE#         617
  C:039FH         LINE#         618
  C:03A1H         LINE#         619
  C:03A3H         LINE#         620
  C:03A6H         LINE#         621
  C:03A8H         LINE#         623
  C:03AAH         LINE#         624
  C:03ACH         LINE#         625
  C:03AEH         LINE#         626
  C:03B0H         LINE#         627
  C:03B2H         LINE#         629
  C:03B5H         LINE#         630
  C:03B7H         LINE#         633
  C:03BAH         LINE#         634
  C:03BCH         LINE#         635
BL51 BANKED LINKER/LOCATER V6.22                                                      05/22/2026  14:38:21  PAGE 12


  C:03BEH         LINE#         636
  C:03BFH         LINE#         637
  C:03C1H         LINE#         638
  C:03C4H         LINE#         639
  C:03C7H         LINE#         640
  C:03C9H         LINE#         643
  C:03CCH         LINE#         644
  C:03CEH         LINE#         645
  C:03D0H         LINE#         646
  C:03D1H         LINE#         647
  C:03D3H         LINE#         649
  C:03D5H         LINE#         651
  C:03D6H         LINE#         740
  C:03D8H         LINE#         741
  C:03DBH         LINE#         742
  C:03DDH         LINE#         743
  C:03DEH         LINE#         744
  C:03E1H         LINE#         745
  C:03E3H         LINE#         746
  C:03E5H         LINE#         747
  C:03E7H         LINE#         748
  C:03EAH         LINE#         749
  C:03ECH         LINE#         750
  C:03EEH         LINE#         751
  C:03F1H         LINE#         752
  C:03F3H         LINE#         753
  C:03F5H         LINE#         755
  C:03F7H         LINE#         756
  C:03F9H         LINE#         757
  C:03FCH         LINE#         758
  C:03FDH         LINE#         759
  C:03FFH         LINE#         760
  C:0402H         LINE#         761
  C:0403H         LINE#         762
  C:0405H         LINE#         763
  C:0407H         LINE#         764
  C:0409H         LINE#         765
  C:040BH         LINE#         766
  C:040DH         LINE#         767
  C:040EH         LINE#         768
  C:040FH         LINE#         769
  C:0412H         LINE#         770
  C:0414H         LINE#         771
  C:0416H         LINE#         772
  C:0418H         LINE#         773
  C:0419H         LINE#         774
  C:041AH         LINE#         775
  C:041BH         LINE#         776
  C:041DH         LINE#         777
  C:041FH         LINE#         778
  C:0420H         LINE#         779
  C:0421H         LINE#         780
  C:0422H         LINE#         781
  C:0424H         LINE#         782
  C:0426H         LINE#         783
  C:0429H         LINE#         784
  C:042BH         LINE#         785
BL51 BANKED LINKER/LOCATER V6.22                                                      05/22/2026  14:38:21  PAGE 13


  C:042DH         LINE#         786
  C:042FH         LINE#         788
  C:0432H         LINE#         789
  C:0434H         LINE#         790
  C:0436H         LINE#         791
  C:0439H         LINE#         792
  C:043BH         LINE#         793
  C:043DH         LINE#         794
  C:0440H         LINE#         795
  C:0442H         LINE#         796
  C:0444H         LINE#         797
  C:0446H         LINE#         800
  C:0449H         LINE#         801
  C:044BH         LINE#         802
  C:044EH         LINE#         803
  C:0450H         LINE#         804
  C:0451H         LINE#         805
  C:0454H         LINE#         806
  C:0456H         LINE#         807
  C:0458H         LINE#         808
  C:045BH         LINE#         809
  C:045DH         LINE#         810
  C:045FH         LINE#         811
  C:0461H         LINE#         814
  C:0462H         LINE#         815
  C:0464H         LINE#         816
  C:0466H         LINE#         817
  C:0467H         LINE#         818
  C:0468H         LINE#         819
  C:046BH         LINE#         820
  C:046DH         LINE#         821
  C:046FH         LINE#         822
  C:0472H         LINE#         823
  C:0474H         LINE#         824
  C:0476H         LINE#         826
  C:0479H         LINE#         827
  C:047BH         LINE#         828
  C:047DH         LINE#         829
  C:047FH         LINE#         830
  C:0481H         LINE#         831
  C:0483H         LINE#         834
  C:0485H         LINE#         837
  C:0487H         LINE#         838
  C:0488H         LINE#         839
  C:048BH         LINE#         840
  C:048DH         LINE#         841
  C:048FH         LINE#         842
  C:0492H         LINE#         843
  C:0494H         LINE#         844
  C:0496H         LINE#         847
  C:0497H         LINE#         849
  C:0498H         LINE#         850
  C:0499H         LINE#         851
  C:049CH         LINE#         852
  C:049DH         LINE#         853
  C:049FH         LINE#         854
  C:04A1H         LINE#         855
BL51 BANKED LINKER/LOCATER V6.22                                                      05/22/2026  14:38:21  PAGE 14


  C:04A3H         LINE#         856
  C:04A5H         LINE#         857
  C:04A7H         LINE#         858
  C:04A9H         LINE#         859
  C:04ABH         LINE#         860
  C:04ACH         LINE#         863
  C:04AEH         LINE#         864
  C:04B0H         LINE#         866
  C:04B2H         LINE#         867
  C:04B4H         LINE#         868
  C:04B6H         LINE#         869
  C:04B8H         LINE#         870
  C:04B9H         LINE#         873
  C:04BBH         LINE#         874
  C:04BDH         LINE#         875
  C:04BFH         LINE#         877
  C:04C1H         LINE#         879
  C:04C3H         LINE#         880
  C:04C5H         LINE#         881
  C:04C7H         LINE#         882
  C:04C9H         LINE#         883
  C:04CAH         LINE#         886
  C:04CDH         LINE#         887
  C:04CFH         LINE#         888
  C:04D2H         LINE#         889
  C:04D4H         LINE#         890
  C:04D7H         LINE#         891
  C:04D9H         LINE#         892
  C:04DCH         LINE#         893
  C:04DEH         LINE#         894
  C:04E1H         LINE#         895
  C:04E3H         LINE#         896
  C:04E4H         LINE#         899
  C:04E6H         LINE#         900
  C:04E8H         LINE#         901
  C:04EAH         LINE#         903
  C:04ECH         LINE#         905
  C:04EEH         LINE#         906
  C:04F0H         LINE#         907
  C:04F2H         LINE#         908
  C:04F4H         LINE#         909
  C:04F5H         LINE#         912
  C:04F7H         LINE#         913
  C:04FAH         LINE#         914
  C:04FBH         LINE#         915
  C:04FEH         LINE#         916
  C:0501H         LINE#         917
  C:0502H         LINE#         918
  C:0504H         LINE#         919
  C:0506H         LINE#         920
  C:0508H         LINE#         921
  C:050BH         LINE#         922
  C:050CH         LINE#         923
  C:050FH         LINE#         924
  C:0512H         LINE#         925
  C:0513H         LINE#         926
  C:0515H         LINE#         927
BL51 BANKED LINKER/LOCATER V6.22                                                      05/22/2026  14:38:21  PAGE 15


  C:0517H         LINE#         929
  C:0519H         LINE#         930
  C:051CH         LINE#         931
  C:051DH         LINE#         932
  C:0520H         LINE#         933
  C:0523H         LINE#         934
  C:0524H         LINE#         935
  C:0526H         LINE#         936
  C:0528H         LINE#         938
  C:052AH         LINE#         939
  C:052DH         LINE#         940
  C:052EH         LINE#         941
  C:0531H         LINE#         942
  C:0534H         LINE#         943
  C:0535H         LINE#         944
  C:0537H         LINE#         945
  C:0539H         LINE#         948
  C:053BH         LINE#         949
  C:053EH         LINE#         951
  C:0541H         LINE#         953
  C:0543H         LINE#         954
  C:0545H         LINE#         955
  C:0547H         LINE#         956
  C:0549H         LINE#         958
  C:054CH         LINE#         959
  C:054EH         LINE#         960
  C:0550H         LINE#         963
  C:0553H         LINE#         965
  C:0556H         LINE#         967
  C:0558H         LINE#         968
  C:055AH         LINE#         969
  C:055CH         LINE#         970
  C:055EH         LINE#         973
  C:0561H         LINE#         974
  C:0563H         LINE#         980
  C:0565H         LINE#         981
  C:0566H         LINE#         982
  C:0569H         LINE#         983
  C:056AH         LINE#         984
  C:056DH         LINE#         985
  C:056EH         LINE#         986
  C:0570H         LINE#         989
  C:0572H         LINE#         990
  C:0574H         LINE#         991
  C:0577H         LINE#         992
  C:0578H         LINE#         993
  C:057AH         LINE#         994
  C:057CH         LINE#         997
  C:057EH         LINE#         998
  C:0581H         LINE#         999
  C:0582H         LINE#         1000
  C:0584H         LINE#         1002
  C:0586H         LINE#         1003
  C:0588H         LINE#         1004
  C:0589H         LINE#         1005
  C:058AH         LINE#         1006
  C:058CH         LINE#         1007
BL51 BANKED LINKER/LOCATER V6.22                                                      05/22/2026  14:38:21  PAGE 16


  C:058EH         LINE#         1010
  C:0590H         LINE#         1011
  C:0592H         LINE#         1012
  C:0594H         LINE#         1013
  C:0596H         LINE#         1016
  C:0599H         LINE#         1018
  C:059BH         LINE#         1019
  C:059EH         LINE#         1023
  C:05A1H         LINE#         1024
  C:05A2H         LINE#         1028
  C:05A4H         LINE#         1029
  C:05A7H         LINE#         1031
  C:05A9H         LINE#         1032
  C:05ABH         LINE#         1035
  C:05ACH         LINE#         1038
  C:05AEH         LINE#         1040
  C:05AFH         LINE#         1046
  C:05B1H         LINE#         1048
  C:05B3H         LINE#         1050
  C:05B5H         LINE#         1052
  C:05B7H         LINE#         1053
  C:05B9H         LINE#         1054
  C:05BBH         LINE#         1055
  -------         ENDMOD        MAIN

Program Size: data=8.0 xdata=0 code=1498
LINK/LOCATE RUN COMPLETE.  0 WARNING(S),  0 ERROR(S)
