BL51 BANKED LINKER/LOCATER V6.22                                                        06/04/2026  15:28:58  PAGE 1


BL51 BANKED LINKER/LOCATER V6.22, INVOKED BY:
D:\KEIL\C51\BIN\BL51.EXE .\Objects\main.obj TO .\Objects\cs RTX51 PRINT (.\Listings\cs.m51)


INPUT MODULES INCLUDED:
  .\Objects\main.obj (MAIN)


LINK MAP OF MODULE:  .\Objects\cs (MAIN)


            TYPE    BASE      LENGTH    RELOCATION   SEGMENT NAME
            -----------------------------------------------------

            * * * * * * *   D A T A   M E M O R Y   * * * * * * *
            REG     0000H     0008H     ABSOLUTE     "REG BANK 0"

            * * * * * * *   C O D E   M E M O R Y   * * * * * * *
            CODE    0000H     05E8H     ABSOLUTE     



SYMBOL TABLE OF MODULE:  .\Objects\cs (MAIN)

  VALUE           TYPE          NAME
  ----------------------------------

  -------         MODULE        MAIN
  D:00E0H         SYMBOL        ACC
  B:00B0H.2       SYMBOL        ADD_ONE
  B:00B0H.4       SYMBOL        ADD_SITE
  D:00F0H         SYMBOL        B
  C:0117H         SYMBOL        BCD_TO_DEC
  B:00A0H.3       SYMBOL        BUZZER
  C:055EH         SYMBOL        CHECK_FEB
  C:0022H         SYMBOL        CLEETE
  C:0327H         SYMBOL        CLEETE1
  D:0033H         SYMBOL        DAY
  B:00B0H.3       SYMBOL        DEC_ONE
  C:05BDH         SYMBOL        DELAY_1MS
  C:0204H         SYMBOL        DELAY_S0
  C:0249H         SYMBOL        DELAY_S1
  C:0288H         SYMBOL        DELAY_S2
  C:02A9H         SYMBOL        DELAY_S3
  C:02E8H         SYMBOL        DELAY_S4
  C:04A5H         SYMBOL        DISPLAY
  D:0083H         SYMBOL        DPH
  D:0082H         SYMBOL        DPL
  C:010BH         SYMBOL        DS1302_DISABLE_WRITE
  C:00FFH         SYMBOL        DS1302_ENABLE_WRITE
  C:012BH         SYMBOL        DS1302_READ
  C:0162H         SYMBOL        DS1302_READ_BYTE
  C:013FH         SYMBOL        DS1302_WRITE
  C:0152H         SYMBOL        DS1302_WRITE_BYTE
  B:00A8H.7       SYMBOL        EA
  B:00A8H.3       SYMBOL        ET1
  C:0330H         SYMBOL        FALL_INC_ONE
  C:033CH         SYMBOL        FALL_INC_ONE11
BL51 BANKED LINKER/LOCATER V6.22                                                      06/04/2026  15:28:58  PAGE 2


  C:0346H         SYMBOL        FALL_INC_ONE_END
  D:0052H         SYMBOL        FALL_TIME_H
  D:0051H         SYMBOL        FALL_TIME_L
  C:0571H         SYMBOL        GETW06
  C:00A3H         SYMBOL        GET_TIME
  D:0032H         SYMBOL        HOUR
  C:034BH         SYMBOL        INC_ONE
  C:035DH         SYMBOL        INC_ONE000
  C:036FH         SYMBOL        INC_ONE001
  C:0381H         SYMBOL        INC_ONE002
  C:03C5H         SYMBOL        INC_ONE003
  C:03D7H         SYMBOL        INC_ONE004
  C:03A3H         SYMBOL        INC_ONE010
  C:03B6H         SYMBOL        INC_ONE011
  C:03C0H         SYMBOL        INC_ONE012
  C:0367H         SYMBOL        INC_ONE888
  C:03E3H         SYMBOL        INC_ONE_END
  C:017FH         SYMBOL        INTT1
  B:00A0H.7       SYMBOL        IO
  C:01FEH         SYMBOL        KEY1
  C:0227H         SYMBOL        KEY1_1
  C:0232H         SYMBOL        KEY1_2
  C:0243H         SYMBOL        KEY2
  C:0263H         SYMBOL        KEY2_1
  C:0267H         SYMBOL        KEY2_2
  C:0282H         SYMBOL        KEY3
  C:029BH         SYMBOL        KEY3_1
  C:02A3H         SYMBOL        KEY4
  C:02C4H         SYMBOL        KEY4_1
  C:02D2H         SYMBOL        KEY4_2
  C:02E2H         SYMBOL        KEY5
  C:032FH         SYMBOL        KEY_END
  C:01E5H         SYMBOL        KEY_SCAN
  C:020CH         SYMBOL        KEY_WAIT_RELEASE0
  C:0251H         SYMBOL        KEY_WAIT_RELEASE1
  C:0290H         SYMBOL        KEY_WAIT_RELEASE2
  C:02B1H         SYMBOL        KEY_WAIT_RELEASE3
  C:02F0H         SYMBOL        KEY_WAIT_RELEASE4
  C:04BAH         SYMBOL        LCD_CHECK_BUSY
  D:0080H         SYMBOL        LCD_DATA
  B:00A0H.5       SYMBOL        LCD_E
  C:04D8H         SYMBOL        LCD_INIT
  B:0090H.0       SYMBOL        LCD_RS
  B:0090H.1       SYMBOL        LCD_RW
  C:04C7H         SYMBOL        LCD_WRITE_CMD
  C:04F2H         SYMBOL        LCD_WRITE_DATA
  C:05BFH         SYMBOL        LOOP1
  C:05C1H         SYMBOL        LOOP2
  C:05C3H         SYMBOL        LOOP3
  C:008EH         SYMBOL        MAIN
  C:0097H         SYMBOL        MAIN1
  C:009AH         SYMBOL        MAIN2
  D:0031H         SYMBOL        MINUTE
  N:0003H         SYMBOL        MODE_NUMBER
  D:0034H         SYMBOL        MONTH
  C:05A7H         SYMBOL        NEGATIVE
  C:05B9H         SYMBOL        NOT_SAT
BL51 BANKED LINKER/LOCATER V6.22                                                      06/04/2026  15:28:58  PAGE 3


  D:0080H         SYMBOL        P0
  D:0090H         SYMBOL        P1
  D:00A0H         SYMBOL        P2
  D:00B0H         SYMBOL        P3
  C:05ACH         SYMBOL        POSITIVE
  D:00D0H         SYMBOL        PSW
  B:00B8H.3       SYMBOL        PT1
  C:0169H         SYMBOL        RB_LOOP
  C:04BEH         SYMBOL        READ_BUSY
  N:0087H         SYMBOL        READ_DAY
  N:0085H         SYMBOL        READ_HOUR
  N:0083H         SYMBOL        READ_MIN
  N:0089H         SYMBOL        READ_MONTH
  N:0081H         SYMBOL        READ_SEC
  N:008BH         SYMBOL        READ_WEEK
  N:008DH         SYMBOL        READ_YEAR
  C:032EH         SYMBOL        RETURN_SITE
  B:0090H.2       SYMBOL        RST
  B:0090H.7       SYMBOL        SCLK
  D:0030H         SYMBOL        SEC
  C:03E4H         SYMBOL        SHOW
  C:0454H         SYMBOL        SHOW2
  C:0493H         SYMBOL        SHOW3
  C:046FH         SYMBOL        SHOW4
  C:04A4H         SYMBOL        SHOW_END
  C:05CAH         SYMBOL        SITE_DATA
  B:00B0H.5       SYMBOL        SITE_MODE
  B:00B0H.6       SYMBOL        SITE_MODE2
  C:05D3H         SYMBOL        SITE_WEEK
  D:0081H         SYMBOL        SP
  C:001EH         SYMBOL        START
  C:05BAH         SYMBOL        STORE_RESULT
  D:0057H         SYMBOL        TEMP_BYTE1
  D:0058H         SYMBOL        TEMP_BYTE2
  D:0059H         SYMBOL        TEMP_BYTE3
  D:005AH         SYMBOL        TEMP_BYTE4
  D:008CH         SYMBOL        TH0
  D:008DH         SYMBOL        TH1
  D:0021H         SYMBOL        TIMES
  B:00B0H.1       SYMBOL        TIME_ADJUST
  D:0038H         SYMBOL        TIME_ADJUST_FLAG
  D:0050H         SYMBOL        TIME_ADJUST_MODE
  D:0037H         SYMBOL        TIME_DELAY_FLAG
  B:0020H.1       SYMBOL        TIME_FALL_FLAG
  D:0054H         SYMBOL        TIME_H
  D:003AH         SYMBOL        TIME_H_1
  D:003CH         SYMBOL        TIME_H_2
  D:003EH         SYMBOL        TIME_H_3
  D:0053H         SYMBOL        TIME_L
  D:0039H         SYMBOL        TIME_L_1
  D:003BH         SYMBOL        TIME_L_2
  D:003DH         SYMBOL        TIME_L_3
  D:0056H         SYMBOL        TIME_WEEK
  D:005CH         SYMBOL        TIME_WEEK_1
  D:005DH         SYMBOL        TIME_WEEK_2
  D:005EH         SYMBOL        TIME_WEEK_3
  D:005FH         SYMBOL        TIME_WEEK_4
BL51 BANKED LINKER/LOCATER V6.22                                                      06/04/2026  15:28:58  PAGE 4


  D:0055H         SYMBOL        TIME_WEEK_5
  D:008AH         SYMBOL        TL0
  D:008BH         SYMBOL        TL1
  D:0089H         SYMBOL        TMOD
  B:0088H.4       SYMBOL        TR0
  B:0088H.6       SYMBOL        TR1
  D:005BH         SYMBOL        UPRIGHT_TIME_FLAG
  D:003FH         SYMBOL        UPRIGHT_TIME_NUMBER
  C:0156H         SYMBOL        WB_LOOP
  C:0503H         SYMBOL        WEEK
  C:00CEH         SYMBOL        WRITE_ALL_TIME
  C:01EBH         SYMBOL        WUYU
  D:0036H         SYMBOL        YEARH
  D:0035H         SYMBOL        YEARL
  C:0557H         SYMBOL        YEARL_ZERO1
  C:056CH         SYMBOL        YEARL_ZERO2
  C:01D6H         SYMBOL        ZD11
  C:01B2H         SYMBOL        ZD22
  C:01BDH         SYMBOL        ZD33
  C:01C6H         SYMBOL        ZD44
  C:0000H         LINE#         64
  C:001BH         LINE#         73
  C:001EH         LINE#         79
  C:0020H         LINE#         80
  C:0022H         LINE#         82
  C:0024H         LINE#         83
  C:0025H         LINE#         84
  C:0027H         LINE#         85
  C:002AH         LINE#         86
  C:002DH         LINE#         87
  C:0030H         LINE#         88
  C:0032H         LINE#         90
  C:0035H         LINE#         91
  C:0038H         LINE#         92
  C:003BH         LINE#         93
  C:003EH         LINE#         94
  C:0041H         LINE#         97
  C:0043H         LINE#         98
  C:0045H         LINE#         99
  C:0047H         LINE#         100
  C:0049H         LINE#         102
  C:004BH         LINE#         104
  C:004DH         LINE#         105
  C:004FH         LINE#         106
  C:0051H         LINE#         107
  C:0054H         LINE#         108
  C:0057H         LINE#         109
  C:005AH         LINE#         110
  C:005DH         LINE#         111
  C:0060H         LINE#         112
  C:0063H         LINE#         113
  C:0066H         LINE#         114
  C:0069H         LINE#         115
  C:006BH         LINE#         116
  C:006DH         LINE#         117
  C:006FH         LINE#         118
  C:0071H         LINE#         119
BL51 BANKED LINKER/LOCATER V6.22                                                      06/04/2026  15:28:58  PAGE 5


  C:0074H         LINE#         120
  C:0077H         LINE#         121
  C:007AH         LINE#         122
  C:007CH         LINE#         123
  C:007FH         LINE#         124
  C:0081H         LINE#         125
  C:0083H         LINE#         126
  C:0085H         LINE#         127
  C:0087H         LINE#         128
  C:0088H         LINE#         129
  C:008BH         LINE#         130
  C:008EH         LINE#         132
  C:0090H         LINE#         133
  C:0093H         LINE#         134
  C:0095H         LINE#         135
  C:0097H         LINE#         137
  C:009AH         LINE#         139
  C:009CH         LINE#         140
  C:009EH         LINE#         141
  C:00A0H         LINE#         142
  C:00A3H         LINE#         145
  C:00A5H         LINE#         146
  C:00A8H         LINE#         147
  C:00AAH         LINE#         148
  C:00ACH         LINE#         149
  C:00AFH         LINE#         150
  C:00B1H         LINE#         151
  C:00B3H         LINE#         152
  C:00B6H         LINE#         153
  C:00B8H         LINE#         154
  C:00BAH         LINE#         155
  C:00BDH         LINE#         156
  C:00BFH         LINE#         157
  C:00C1H         LINE#         158
  C:00C4H         LINE#         159
  C:00C6H         LINE#         160
  C:00C8H         LINE#         161
  C:00CBH         LINE#         162
  C:00CDH         LINE#         163
  C:00CEH         LINE#         165
  C:00D1H         LINE#         166
  C:00D3H         LINE#         167
  C:00D5H         LINE#         168
  C:00D8H         LINE#         169
  C:00DAH         LINE#         170
  C:00DCH         LINE#         171
  C:00DFH         LINE#         172
  C:00E1H         LINE#         173
  C:00E3H         LINE#         174
  C:00E6H         LINE#         175
  C:00E8H         LINE#         176
  C:00EAH         LINE#         177
  C:00EDH         LINE#         178
  C:00EFH         LINE#         179
  C:00F1H         LINE#         180
  C:00F4H         LINE#         181
  C:00F6H         LINE#         182
BL51 BANKED LINKER/LOCATER V6.22                                                      06/04/2026  15:28:58  PAGE 6


  C:00F8H         LINE#         183
  C:00FBH         LINE#         184
  C:00FEH         LINE#         185
  C:00FFH         LINE#         187
  C:0101H         LINE#         188
  C:0103H         LINE#         189
  C:0105H         LINE#         190
  C:0107H         LINE#         191
  C:010AH         LINE#         192
  C:010BH         LINE#         194
  C:010DH         LINE#         195
  C:010FH         LINE#         196
  C:0111H         LINE#         197
  C:0113H         LINE#         198
  C:0116H         LINE#         199
  C:0117H         LINE#         206
  C:0119H         LINE#         207
  C:011BH         LINE#         208
  C:011DH         LINE#         209
  C:011EH         LINE#         210
  C:0120H         LINE#         211
  C:0121H         LINE#         212
  C:0123H         LINE#         213
  C:0126H         LINE#         214
  C:0127H         LINE#         215
  C:0128H         LINE#         216
  C:012AH         LINE#         217
  C:012BH         LINE#         223
  C:012DH         LINE#         224
  C:012FH         LINE#         225
  C:0131H         LINE#         226
  C:0132H         LINE#         227
  C:0135H         LINE#         228
  C:0137H         LINE#         229
  C:013AH         LINE#         230
  C:013CH         LINE#         231
  C:013EH         LINE#         232
  C:013FH         LINE#         239
  C:0141H         LINE#         240
  C:0143H         LINE#         241
  C:0145H         LINE#         242
  C:0146H         LINE#         243
  C:0149H         LINE#         244
  C:014AH         LINE#         245
  C:014DH         LINE#         246
  C:014FH         LINE#         247
  C:0151H         LINE#         248
  C:0152H         LINE#         251
  C:0154H         LINE#         252
  C:0156H         LINE#         254
  C:0158H         LINE#         255
  C:0159H         LINE#         256
  C:015BH         LINE#         257
  C:015DH         LINE#         258
  C:015FH         LINE#         259
  C:0161H         LINE#         260
  C:0162H         LINE#         263
BL51 BANKED LINKER/LOCATER V6.22                                                      06/04/2026  15:28:58  PAGE 7


  C:0164H         LINE#         264
  C:0166H         LINE#         265
  C:0169H         LINE#         267
  C:016BH         LINE#         268
  C:016CH         LINE#         269
  C:016DH         LINE#         270
  C:016FH         LINE#         271
  C:0170H         LINE#         272
  C:0171H         LINE#         273
  C:0173H         LINE#         274
  C:0175H         LINE#         275
  C:0176H         LINE#         276
  C:0178H         LINE#         277
  C:017AH         LINE#         278
  C:017CH         LINE#         279
  C:017EH         LINE#         280
  C:017FH         LINE#         283
  C:0181H         LINE#         284
  C:0183H         LINE#         285
  C:0185H         LINE#         286
  C:0187H         LINE#         287
  C:0189H         LINE#         288
  C:018BH         LINE#         289
  C:018DH         LINE#         290
  C:0190H         LINE#         291
  C:0193H         LINE#         293
  C:0195H         LINE#         294
  C:0198H         LINE#         296
  C:019AH         LINE#         297
  C:019CH         LINE#         298
  C:019EH         LINE#         299
  C:019FH         LINE#         300
  C:01A1H         LINE#         301
  C:01A3H         LINE#         303
  C:01A6H         LINE#         304
  C:01A9H         LINE#         305
  C:01ABH         LINE#         306
  C:01ADH         LINE#         307
  C:01AEH         LINE#         308
  C:01B0H         LINE#         309
  C:01B2H         LINE#         312
  C:01B4H         LINE#         313
  C:01B6H         LINE#         314
  C:01B7H         LINE#         315
  C:01B9H         LINE#         316
  C:01BBH         LINE#         317
  C:01BDH         LINE#         319
  C:01BFH         LINE#         320
  C:01C1H         LINE#         321
  C:01C2H         LINE#         322
  C:01C4H         LINE#         323
  C:01C6H         LINE#         326
  C:01C8H         LINE#         327
  C:01CAH         LINE#         328
  C:01CDH         LINE#         329
  C:01D0H         LINE#         330
  C:01D2H         LINE#         331
BL51 BANKED LINKER/LOCATER V6.22                                                      06/04/2026  15:28:58  PAGE 8


  C:01D4H         LINE#         332
  C:01D6H         LINE#         334
  C:01D8H         LINE#         335
  C:01DAH         LINE#         336
  C:01DCH         LINE#         337
  C:01DEH         LINE#         338
  C:01E0H         LINE#         339
  C:01E2H         LINE#         340
  C:01E4H         LINE#         341
  C:01E5H         LINE#         344
  C:01E7H         LINE#         345
  C:01E9H         LINE#         346
  C:01EBH         LINE#         348
  C:01EEH         LINE#         350
  C:01F0H         LINE#         351
  C:01F3H         LINE#         352
  C:01F4H         LINE#         353
  C:01F5H         LINE#         354
  C:01F7H         LINE#         355
  C:01F9H         LINE#         356
  C:01FCH         LINE#         357
  C:01FEH         LINE#         361
  C:0200H         LINE#         362
  C:0202H         LINE#         363
  C:0204H         LINE#         365
  C:0206H         LINE#         366
  C:0208H         LINE#         367
  C:020AH         LINE#         368
  C:020CH         LINE#         371
  C:020EH         LINE#         372
  C:0210H         LINE#         374
  C:0212H         LINE#         375
  C:0215H         LINE#         376
  C:0218H         LINE#         378
  C:021AH         LINE#         379
  C:021DH         LINE#         380
  C:021FH         LINE#         381
  C:0220H         LINE#         382
  C:0223H         LINE#         383
  C:0225H         LINE#         384
  C:0227H         LINE#         387
  C:022AH         LINE#         388
  C:022DH         LINE#         389
  C:0230H         LINE#         391
  C:0232H         LINE#         394
  C:0235H         LINE#         395
  C:0236H         LINE#         397
  C:0238H         LINE#         398
  C:023BH         LINE#         399
  C:023DH         LINE#         400
  C:023EH         LINE#         401
  C:0241H         LINE#         402
  C:0243H         LINE#         405
  C:0245H         LINE#         406
  C:0247H         LINE#         407
  C:0249H         LINE#         409
  C:024BH         LINE#         410
BL51 BANKED LINKER/LOCATER V6.22                                                      06/04/2026  15:28:58  PAGE 9


  C:024DH         LINE#         411
  C:024FH         LINE#         412
  C:0251H         LINE#         414
  C:0253H         LINE#         415
  C:0255H         LINE#         417
  C:0257H         LINE#         418
  C:025AH         LINE#         419
  C:025CH         LINE#         420
  C:025FH         LINE#         421
  C:0261H         LINE#         422
  C:0263H         LINE#         424
  C:0265H         LINE#         425
  C:0267H         LINE#         427
  C:026AH         LINE#         428
  C:026CH         LINE#         429
  C:026DH         LINE#         430
  C:0270H         LINE#         431
  C:0272H         LINE#         432
  C:0274H         LINE#         433
  C:0276H         LINE#         434
  C:0277H         LINE#         435
  C:0279H         LINE#         436
  C:027AH         LINE#         437
  C:027BH         LINE#         438
  C:027DH         LINE#         439
  C:027EH         LINE#         440
  C:0280H         LINE#         441
  C:0282H         LINE#         444
  C:0284H         LINE#         445
  C:0286H         LINE#         446
  C:0288H         LINE#         448
  C:028AH         LINE#         449
  C:028CH         LINE#         450
  C:028EH         LINE#         451
  C:0290H         LINE#         453
  C:0292H         LINE#         454
  C:0294H         LINE#         455
  C:0297H         LINE#         456
  C:0299H         LINE#         457
  C:029BH         LINE#         459
  C:029DH         LINE#         460
  C:029FH         LINE#         461
  C:02A1H         LINE#         462
  C:02A3H         LINE#         465
  C:02A5H         LINE#         466
  C:02A7H         LINE#         467
  C:02A9H         LINE#         469
  C:02ABH         LINE#         470
  C:02ADH         LINE#         471
  C:02AFH         LINE#         472
  C:02B1H         LINE#         474
  C:02B3H         LINE#         475
  C:02B5H         LINE#         477
  C:02B7H         LINE#         478
  C:02BAH         LINE#         480
  C:02BBH         LINE#         481
  C:02BCH         LINE#         482
BL51 BANKED LINKER/LOCATER V6.22                                                      06/04/2026  15:28:58  PAGE 10


  C:02BFH         LINE#         483
  C:02C2H         LINE#         484
  C:02C4H         LINE#         487
  C:02C7H         LINE#         488
  C:02C8H         LINE#         489
  C:02C9H         LINE#         490
  C:02CCH         LINE#         491
  C:02CFH         LINE#         492
  C:02D0H         LINE#         493
  C:02D2H         LINE#         496
  C:02D5H         LINE#         497
  C:02D7H         LINE#         498
  C:02D9H         LINE#         499
  C:02DCH         LINE#         500
  C:02DEH         LINE#         501
  C:02DFH         LINE#         502
  C:02E2H         LINE#         506
  C:02E4H         LINE#         507
  C:02E6H         LINE#         508
  C:02E8H         LINE#         510
  C:02EAH         LINE#         511
  C:02ECH         LINE#         512
  C:02EEH         LINE#         513
  C:02F0H         LINE#         515
  C:02F2H         LINE#         516
  C:02F4H         LINE#         518
  C:02F7H         LINE#         519
  C:02F9H         LINE#         520
  C:02FCH         LINE#         521
  C:02FEH         LINE#         522
  C:0301H         LINE#         523
  C:0304H         LINE#         524
  C:0306H         LINE#         525
  C:0308H         LINE#         526
  C:030AH         LINE#         527
  C:030DH         LINE#         528
  C:0310H         LINE#         529
  C:0312H         LINE#         530
  C:0314H         LINE#         531
  C:0317H         LINE#         532
  C:0319H         LINE#         533
  C:031AH         LINE#         534
  C:031DH         LINE#         536
  C:0320H         LINE#         537
  C:0323H         LINE#         539
  C:0325H         LINE#         540
  C:0327H         LINE#         542
  C:0329H         LINE#         543
  C:032AH         LINE#         544
  C:032CH         LINE#         545
  C:032EH         LINE#         548
  C:032FH         LINE#         551
  C:0330H         LINE#         553
  C:0331H         LINE#         554
  C:0332H         LINE#         555
  C:0335H         LINE#         556
  C:0337H         LINE#         557
BL51 BANKED LINKER/LOCATER V6.22                                                      06/04/2026  15:28:58  PAGE 11


  C:0339H         LINE#         558
  C:033AH         LINE#         559
  C:033CH         LINE#         562
  C:033FH         LINE#         563
  C:0341H         LINE#         564
  C:0343H         LINE#         565
  C:0344H         LINE#         566
  C:0346H         LINE#         568
  C:0348H         LINE#         569
  C:034AH         LINE#         570
  C:034BH         LINE#         572
  C:034CH         LINE#         573
  C:034DH         LINE#         574
  C:0350H         LINE#         575
  C:0352H         LINE#         576
  C:0354H         LINE#         577
  C:0355H         LINE#         578
  C:0357H         LINE#         579
  C:035AH         LINE#         580
  C:035DH         LINE#         582
  C:0360H         LINE#         583
  C:0362H         LINE#         584
  C:0364H         LINE#         585
  C:0365H         LINE#         586
  C:0367H         LINE#         588
  C:036AH         LINE#         589
  C:036DH         LINE#         590
  C:036FH         LINE#         592
  C:0372H         LINE#         593
  C:0374H         LINE#         594
  C:0376H         LINE#         595
  C:0377H         LINE#         596
  C:0379H         LINE#         597
  C:037CH         LINE#         598
  C:037FH         LINE#         599
  C:0381H         LINE#         601
  C:0384H         LINE#         602
  C:0386H         LINE#         603
  C:0388H         LINE#         604
  C:0389H         LINE#         605
  C:038BH         LINE#         607
  C:038DH         LINE#         608
  C:038EH         LINE#         609
  C:038FH         LINE#         610
  C:03A3H         LINE#         619
  C:03A4H         LINE#         620
  C:03A6H         LINE#         621
  C:03A8H         LINE#         622
  C:03AAH         LINE#         623
  C:03ADH         LINE#         624
  C:03AFH         LINE#         625
  C:03B1H         LINE#         626
  C:03B4H         LINE#         627
  C:03B6H         LINE#         629
  C:03B8H         LINE#         630
  C:03BAH         LINE#         631
  C:03BCH         LINE#         632
BL51 BANKED LINKER/LOCATER V6.22                                                      06/04/2026  15:28:58  PAGE 12


  C:03BEH         LINE#         633
  C:03C0H         LINE#         635
  C:03C3H         LINE#         636
  C:03C5H         LINE#         639
  C:03C8H         LINE#         640
  C:03CAH         LINE#         641
  C:03CCH         LINE#         642
  C:03CDH         LINE#         643
  C:03CFH         LINE#         644
  C:03D2H         LINE#         645
  C:03D5H         LINE#         646
  C:03D7H         LINE#         649
  C:03DAH         LINE#         650
  C:03DCH         LINE#         651
  C:03DEH         LINE#         652
  C:03DFH         LINE#         653
  C:03E1H         LINE#         655
  C:03E3H         LINE#         657
  C:03E4H         LINE#         746
  C:03E6H         LINE#         747
  C:03E9H         LINE#         748
  C:03EBH         LINE#         749
  C:03ECH         LINE#         750
  C:03EFH         LINE#         751
  C:03F1H         LINE#         752
  C:03F3H         LINE#         753
  C:03F5H         LINE#         754
  C:03F8H         LINE#         755
  C:03FAH         LINE#         756
  C:03FCH         LINE#         757
  C:03FFH         LINE#         758
  C:0401H         LINE#         759
  C:0403H         LINE#         761
  C:0405H         LINE#         762
  C:0407H         LINE#         763
  C:040AH         LINE#         764
  C:040BH         LINE#         765
  C:040DH         LINE#         766
  C:0410H         LINE#         767
  C:0411H         LINE#         768
  C:0413H         LINE#         769
  C:0415H         LINE#         770
  C:0417H         LINE#         771
  C:0419H         LINE#         772
  C:041BH         LINE#         773
  C:041CH         LINE#         774
  C:041DH         LINE#         775
  C:0420H         LINE#         776
  C:0422H         LINE#         777
  C:0424H         LINE#         778
  C:0426H         LINE#         779
  C:0427H         LINE#         780
  C:0428H         LINE#         781
  C:0429H         LINE#         782
  C:042BH         LINE#         783
  C:042DH         LINE#         784
  C:042EH         LINE#         785
BL51 BANKED LINKER/LOCATER V6.22                                                      06/04/2026  15:28:58  PAGE 13


  C:042FH         LINE#         786
  C:0430H         LINE#         787
  C:0432H         LINE#         788
  C:0434H         LINE#         789
  C:0437H         LINE#         790
  C:0439H         LINE#         791
  C:043BH         LINE#         792
  C:043DH         LINE#         794
  C:0440H         LINE#         795
  C:0442H         LINE#         796
  C:0444H         LINE#         797
  C:0447H         LINE#         798
  C:0449H         LINE#         799
  C:044BH         LINE#         800
  C:044EH         LINE#         801
  C:0450H         LINE#         802
  C:0452H         LINE#         803
  C:0454H         LINE#         806
  C:0457H         LINE#         807
  C:0459H         LINE#         808
  C:045CH         LINE#         809
  C:045EH         LINE#         810
  C:045FH         LINE#         811
  C:0462H         LINE#         812
  C:0464H         LINE#         813
  C:0466H         LINE#         814
  C:0469H         LINE#         815
  C:046BH         LINE#         816
  C:046DH         LINE#         817
  C:046FH         LINE#         820
  C:0470H         LINE#         821
  C:0472H         LINE#         822
  C:0474H         LINE#         823
  C:0475H         LINE#         824
  C:0476H         LINE#         825
  C:0479H         LINE#         826
  C:047BH         LINE#         827
  C:047DH         LINE#         828
  C:0480H         LINE#         829
  C:0482H         LINE#         830
  C:0484H         LINE#         832
  C:0487H         LINE#         833
  C:0489H         LINE#         834
  C:048BH         LINE#         835
  C:048DH         LINE#         836
  C:048FH         LINE#         837
  C:0491H         LINE#         840
  C:0493H         LINE#         843
  C:0495H         LINE#         844
  C:0496H         LINE#         845
  C:0499H         LINE#         846
  C:049BH         LINE#         847
  C:049DH         LINE#         848
  C:04A0H         LINE#         849
  C:04A2H         LINE#         850
  C:04A4H         LINE#         853
  C:04A5H         LINE#         855
BL51 BANKED LINKER/LOCATER V6.22                                                      06/04/2026  15:28:58  PAGE 14


  C:04A6H         LINE#         856
  C:04A7H         LINE#         857
  C:04AAH         LINE#         858
  C:04ABH         LINE#         859
  C:04ADH         LINE#         860
  C:04AFH         LINE#         861
  C:04B1H         LINE#         862
  C:04B3H         LINE#         863
  C:04B5H         LINE#         864
  C:04B7H         LINE#         865
  C:04B9H         LINE#         866
  C:04BAH         LINE#         869
  C:04BCH         LINE#         870
  C:04BEH         LINE#         872
  C:04C0H         LINE#         873
  C:04C2H         LINE#         874
  C:04C4H         LINE#         875
  C:04C6H         LINE#         876
  C:04C7H         LINE#         879
  C:04C9H         LINE#         880
  C:04CBH         LINE#         881
  C:04CDH         LINE#         883
  C:04CFH         LINE#         885
  C:04D1H         LINE#         886
  C:04D3H         LINE#         887
  C:04D5H         LINE#         888
  C:04D7H         LINE#         889
  C:04D8H         LINE#         892
  C:04DBH         LINE#         893
  C:04DDH         LINE#         894
  C:04E0H         LINE#         895
  C:04E2H         LINE#         896
  C:04E5H         LINE#         897
  C:04E7H         LINE#         898
  C:04EAH         LINE#         899
  C:04ECH         LINE#         900
  C:04EFH         LINE#         901
  C:04F1H         LINE#         902
  C:04F2H         LINE#         905
  C:04F4H         LINE#         906
  C:04F6H         LINE#         907
  C:04F8H         LINE#         909
  C:04FAH         LINE#         911
  C:04FCH         LINE#         912
  C:04FEH         LINE#         913
  C:0500H         LINE#         914
  C:0502H         LINE#         915
  C:0503H         LINE#         918
  C:0505H         LINE#         919
  C:0508H         LINE#         920
  C:0509H         LINE#         921
  C:050CH         LINE#         922
  C:050FH         LINE#         923
  C:0510H         LINE#         924
  C:0512H         LINE#         925
  C:0514H         LINE#         926
  C:0516H         LINE#         927
BL51 BANKED LINKER/LOCATER V6.22                                                      06/04/2026  15:28:58  PAGE 15


  C:0519H         LINE#         928
  C:051AH         LINE#         929
  C:051DH         LINE#         930
  C:0520H         LINE#         931
  C:0521H         LINE#         932
  C:0523H         LINE#         933
  C:0525H         LINE#         935
  C:0527H         LINE#         936
  C:052AH         LINE#         937
  C:052BH         LINE#         938
  C:052EH         LINE#         939
  C:0531H         LINE#         940
  C:0532H         LINE#         941
  C:0534H         LINE#         942
  C:0536H         LINE#         944
  C:0538H         LINE#         945
  C:053BH         LINE#         946
  C:053CH         LINE#         947
  C:053FH         LINE#         948
  C:0542H         LINE#         949
  C:0543H         LINE#         950
  C:0545H         LINE#         951
  C:0547H         LINE#         954
  C:0549H         LINE#         955
  C:054CH         LINE#         957
  C:054FH         LINE#         959
  C:0551H         LINE#         960
  C:0553H         LINE#         961
  C:0555H         LINE#         962
  C:0557H         LINE#         964
  C:055AH         LINE#         965
  C:055CH         LINE#         966
  C:055EH         LINE#         969
  C:0561H         LINE#         971
  C:0564H         LINE#         973
  C:0566H         LINE#         974
  C:0568H         LINE#         975
  C:056AH         LINE#         976
  C:056CH         LINE#         979
  C:056FH         LINE#         980
  C:0571H         LINE#         986
  C:0573H         LINE#         987
  C:0574H         LINE#         988
  C:0577H         LINE#         989
  C:0578H         LINE#         990
  C:057BH         LINE#         991
  C:057CH         LINE#         992
  C:057EH         LINE#         995
  C:0580H         LINE#         996
  C:0582H         LINE#         997
  C:0585H         LINE#         998
  C:0586H         LINE#         999
  C:0588H         LINE#         1000
  C:058AH         LINE#         1003
  C:058CH         LINE#         1004
  C:058FH         LINE#         1005
  C:0590H         LINE#         1006
BL51 BANKED LINKER/LOCATER V6.22                                                      06/04/2026  15:28:58  PAGE 16


  C:0592H         LINE#         1008
  C:0594H         LINE#         1009
  C:0596H         LINE#         1010
  C:0597H         LINE#         1011
  C:0598H         LINE#         1012
  C:059AH         LINE#         1013
  C:059CH         LINE#         1016
  C:059EH         LINE#         1017
  C:05A0H         LINE#         1018
  C:05A2H         LINE#         1019
  C:05A4H         LINE#         1022
  C:05A7H         LINE#         1024
  C:05A9H         LINE#         1025
  C:05ACH         LINE#         1029
  C:05AFH         LINE#         1030
  C:05B0H         LINE#         1034
  C:05B2H         LINE#         1035
  C:05B5H         LINE#         1037
  C:05B7H         LINE#         1038
  C:05B9H         LINE#         1041
  C:05BAH         LINE#         1044
  C:05BCH         LINE#         1046
  C:05BDH         LINE#         1052
  C:05BFH         LINE#         1054
  C:05C1H         LINE#         1056
  C:05C3H         LINE#         1058
  C:05C5H         LINE#         1059
  C:05C7H         LINE#         1060
  C:05C9H         LINE#         1061
  -------         ENDMOD        MAIN

Program Size: data=8.0 xdata=0 code=1512
LINK/LOCATE RUN COMPLETE.  0 WARNING(S),  0 ERROR(S)
